[2026-06-04 08:27:19] production.ERROR: The E:\My real data\Biz\PixelCraftsLab\Projects\Study Buddy\website\StudyBuddy\bootstrap\cache directory must be present and writable. {"exception":"[object] (Exception(code: 0): The E:\\My real data\\Biz\\PixelCraftsLab\\Projects\\Study Buddy\\website\\StudyBuddy\\bootstrap\\cache directory must be present and writable. at E:/My real data/Biz/PixelCraftsLab/Projects/Study Buddy/website/StudyBuddy/vendor/laravel/framework/src/Illuminate/Foundation/PackageManifest.php:179)
[stacktrace]
#0 E:/My real data/Biz/PixelCraftsLab/Projects/Study Buddy/website/StudyBuddy/vendor/laravel/framework/src/Illuminate/Foundation/PackageManifest.php(132): Illuminate/Foundation/PackageManifest->write(Array)
#1 E:/My real data/Biz/PixelCraftsLab/Projects/Study Buddy/website/StudyBuddy/vendor/laravel/framework/src/Illuminate/Foundation/PackageManifest.php(108): Illuminate/Foundation/PackageManifest->build()
#2 E:/My real data/Biz/PixelCraftsLab/Projects/Study Buddy/website/StudyBuddy/vendor/laravel/framework/src/Illuminate/Foundation/PackageManifest.php(91): Illuminate/Foundation/PackageManifest->getManifest()
#3 E:/My real data/Biz/PixelCraftsLab/Projects/Study Buddy/website/StudyBuddy/vendor/laravel/framework/src/Illuminate/Foundation/PackageManifest.php(80): Illuminate/Foundation/PackageManifest->config('aliases')
#4 E:/My real data/Biz/PixelCraftsLab/Projects/Study Buddy/website/StudyBuddy/vendor/laravel/framework/src/Illuminate/Foundation/Bootstrap/RegisterFacades.php(26): Illuminate/Foundation/PackageManifest->aliases()
#5 E:/My real data/Biz/PixelCraftsLab/Projects/Study Buddy/website/StudyBuddy/vendor/laravel/framework/src/Illuminate/Foundation/Application.php(342): Illuminate/Foundation/Bootstrap/RegisterFacades->bootstrap(Object(Illuminate/Foundation/Application))
#6 E:/My real data/Biz/PixelCraftsLab/Projects/Study Buddy/website/StudyBuddy/vendor/laravel/framework/src/Illuminate/Foundation/Console/Kernel.php(474): Illuminate/Foundation/Application->bootstrapWith(Array)
#7 E:/My real data/Biz/PixelCraftsLab/Projects/Study Buddy/website/StudyBuddy/vendor/laravel/framework/src/Illuminate/Foundation/Console/Kernel.php(196): Illuminate/Foundation/Console/Kernel->bootstrap()
#8 E:/My real data/Biz/PixelCraftsLab/Projects/Study Buddy/website/StudyBuddy/vendor/laravel/framework/src/Illuminate/Foundation/Application.php(1235): Illuminate/Foundation/Console/Kernel->handle(Object(Symfony/Component/Console/Input/ArgvInput), Object(Symfony/Component/Console/Output/ConsoleOutput))
#9 E:/My real data/Biz/PixelCraftsLab/Projects/Study Buddy/website/StudyBuddy/artisan(14): Illuminate/Foundation/Application->handleCommand(Object(Symfony/Component/Console/Input/ArgvInput))
#10 {main}
"} 
[2026-06-04 08:29:52] local.ERROR: SQLSTATE[HY000] [1049] Unknown database 'studybuddy' (Connection: mysql, SQL: delete from `cache`) {"exception":"[object] (Illuminate\\Database\\QueryException(code: 1049): SQLSTATE[HY000] [1049] Unknown database 'studybuddy' (Connection: mysql, SQL: delete from `cache`) at E:/My real data/Biz/PixelCraftsLab/Projects/Study Buddy/website/StudyBuddy/vendor/laravel/framework/src/Illuminate/Database/Connection.php:825)
[stacktrace]
#0 E:/My real data/Biz/PixelCraftsLab/Projects/Study Buddy/website/StudyBuddy/vendor/laravel/framework/src/Illuminate/Database/Connection.php(779): Illuminate/Database/Connection->runQueryCallback('delete from `ca...', Array, Object(Closure))
#1 E:/My real data/Biz/PixelCraftsLab/Projects/Study Buddy/website/StudyBuddy/vendor/laravel/framework/src/Illuminate/Database/Connection.php(584): Illuminate/Database/Connection->run('delete from `ca...', Array, Object(Closure))
#2 E:/My real data/Biz/PixelCraftsLab/Projects/Study Buddy/website/StudyBuddy/vendor/laravel/framework/src/Illuminate/Database/Connection.php(548): Illuminate/Database/Connection->affectingStatement('delete from `ca...', Array)
#3 E:/My real data/Biz/PixelCraftsLab/Projects/Study Buddy/website/StudyBuddy/vendor/laravel/framework/src/Illuminate/Database/Query/Builder.php(4024): Illuminate/Database/Connection->delete('delete from `ca...', Array)
#4 E:/My real data/Biz/PixelCraftsLab/Projects/Study Buddy/website/StudyBuddy/vendor/laravel/framework/src/Illuminate/Cache/DatabaseStore.php(422): Illuminate/Database/Query/Builder->delete()
#5 E:/My real data/Biz/PixelCraftsLab/Projects/Study Buddy/website/StudyBuddy/vendor/laravel/framework/src/Illuminate/Cache/Repository.php(792): Illuminate/Cache/DatabaseStore->flush()
#6 E:/My real data/Biz/PixelCraftsLab/Projects/Study Buddy/website/StudyBuddy/vendor/laravel/framework/src/Illuminate/Cache/Console/ClearCommand.php(69): Illuminate/Cache/Repository->__call('flush', Array)
#7 E:/My real data/Biz/PixelCraftsLab/Projects/Study Buddy/website/StudyBuddy/vendor/laravel/framework/src/Illuminate/Container/BoundMethod.php(36): Illuminate/Cache/Console/ClearCommand->handle()
#8 E:/My real data/Biz/PixelCraftsLab/Projects/Study Buddy/website/StudyBuddy/vendor/laravel/framework/src/Illuminate/Container/Util.php(43): Illuminate/Container/BoundMethod::Illuminate/Container/{closure}()
#9 E:/My real data/Biz/PixelCraftsLab/Projects/Study Buddy/website/StudyBuddy/vendor/laravel/framework/src/Illuminate/Container/BoundMethod.php(95): Illuminate/Container/Util::unwrapIfClosure(Object(Closure))
#10 E:/My real data/Biz/PixelCraftsLab/Projects/Study Buddy/website/StudyBuddy/vendor/laravel/framework/src/Illuminate/Container/BoundMethod.php(35): Illuminate/Container/BoundMethod::callBoundMethod(Object(Illuminate/Foundation/Application), Array, Object(Closure))
#11 E:/My real data/Biz/PixelCraftsLab/Projects/Study Buddy/website/StudyBuddy/vendor/laravel/framework/src/Illuminate/Container/Container.php(696): Illuminate/Container/BoundMethod::call(Object(Illuminate/Foundation/Application), Array, Array, NULL)
#12 E:/My real data/Biz/PixelCraftsLab/Projects/Study Buddy/website/StudyBuddy/vendor/laravel/framework/src/Illuminate/Console/Command.php(213): Illuminate/Container/Container->call(Array)
#13 E:/My real data/Biz/PixelCraftsLab/Projects/Study Buddy/website/StudyBuddy/vendor/symfony/console/Command/Command.php(341): Illuminate/Console/Command->execute(Object(Symfony/Component/Console/Input/ArgvInput), Object(Illuminate/Console/OutputStyle))
#14 E:/My real data/Biz/PixelCraftsLab/Projects/Study Buddy/website/StudyBuddy/vendor/laravel/framework/src/Illuminate/Console/Command.php(182): Symfony/Component/Console/Command/Command->run(Object(Symfony/Component/Console/Input/ArgvInput), Object(Illuminate/Console/OutputStyle))
#15 E:/My real data/Biz/PixelCraftsLab/Projects/Study Buddy/website/StudyBuddy/vendor/symfony/console/Application.php(1117): Illuminate/Console/Command->run(Object(Symfony/Component/Console/Input/ArgvInput), Object(Symfony/Component/Console/Output/ConsoleOutput))
#16 E:/My real data/Biz/PixelCraftsLab/Projects/Study Buddy/website/StudyBuddy/vendor/symfony/console/Application.php(356): Symfony/Component/Console/Application->doRunCommand(Object(Illuminate/Cache/Console/ClearCommand), Object(Symfony/Component/Console/Input/ArgvInput), Object(Symfony/Component/Console/Output/ConsoleOutput))
#17 E:/My real data/Biz/PixelCraftsLab/Projects/Study Buddy/website/StudyBuddy/vendor/symfony/console/Application.php(195): Symfony/Component/Console/Application->doRun(Object(Symfony/Component/Console/Input/ArgvInput), Object(Symfony/Component/Console/Output/ConsoleOutput))
#18 E:/My real data/Biz/PixelCraftsLab/Projects/Study Buddy/website/StudyBuddy/vendor/laravel/framework/src/Illuminate/Foundation/Console/Kernel.php(198): Symfony/Component/Console/Application->run(Object(Symfony/Component/Console/Input/ArgvInput), Object(Symfony/Component/Console/Output/ConsoleOutput))
#19 E:/My real data/Biz/PixelCraftsLab/Projects/Study Buddy/website/StudyBuddy/vendor/laravel/framework/src/Illuminate/Foundation/Application.php(1235): Illuminate/Foundation/Console/Kernel->handle(Object(Symfony/Component/Console/Input/ArgvInput), Object(Symfony/Component/Console/Output/ConsoleOutput))
#20 E:/My real data/Biz/PixelCraftsLab/Projects/Study Buddy/website/StudyBuddy/artisan(14): Illuminate/Foundation/Application->handleCommand(Object(Symfony/Component/Console/Input/ArgvInput))
#21 {main}

[previous exception] [object] (PDOException(code: 1049): SQLSTATE[HY000] [1049] Unknown database 'studybuddy' at E:/My real data/Biz/PixelCraftsLab/Projects/Study Buddy/website/StudyBuddy/vendor/laravel/framework/src/Illuminate/Database/Connectors/Connector.php:66)
[stacktrace]
#0 E:/My real data/Biz/PixelCraftsLab/Projects/Study Buddy/website/StudyBuddy/vendor/laravel/framework/src/Illuminate/Database/Connectors/Connector.php(66): PDO->__construct('mysql:host=127....', 'root', Object(SensitiveParameterValue), Array)
#1 E:/My real data/Biz/PixelCraftsLab/Projects/Study Buddy/website/StudyBuddy/vendor/laravel/framework/src/Illuminate/Database/Connectors/Connector.php(44): Illuminate/Database/Connectors/Connector->createPdoConnection('mysql:host=127....', 'root', Object(SensitiveParameterValue), Array)
#2 E:/My real data/Biz/PixelCraftsLab/Projects/Study Buddy/website/StudyBuddy/vendor/laravel/framework/src/Illuminate/Database/Connectors/MySqlConnector.php(24): Illuminate/Database/Connectors/Connector->createConnection('mysql:host=127....', Array, Array)
#3 E:/My real data/Biz/PixelCraftsLab/Projects/Study Buddy/website/StudyBuddy/vendor/laravel/framework/src/Illuminate/Database/Connectors/ConnectionFactory.php(185): Illuminate/Database/Connectors/MySqlConnector->connect(Array)
#4 [internal function]: Illuminate/Database/Connectors/ConnectionFactory->Illuminate/Database/Connectors/{closure}()
#5 E:/My real data/Biz/PixelCraftsLab/Projects/Study Buddy/website/StudyBuddy/vendor/laravel/framework/src/Illuminate/Database/Connection.php(1231): call_user_func(Object(Closure))
#6 E:/My real data/Biz/PixelCraftsLab/Projects/Study Buddy/website/StudyBuddy/vendor/laravel/framework/src/Illuminate/Database/Connection.php(592): Illuminate/Database/Connection->getPdo()
#7 E:/My real data/Biz/PixelCraftsLab/Projects/Study Buddy/website/StudyBuddy/vendor/laravel/framework/src/Illuminate/Database/Connection.php(812): Illuminate/Database/Connection->Illuminate/Database/{closure}('delete from `ca...', Array)
#8 E:/My real data/Biz/PixelCraftsLab/Projects/Study Buddy/website/StudyBuddy/vendor/laravel/framework/src/Illuminate/Database/Connection.php(779): Illuminate/Database/Connection->runQueryCallback('delete from `ca...', Array, Object(Closure))
#9 E:/My real data/Biz/PixelCraftsLab/Projects/Study Buddy/website/StudyBuddy/vendor/laravel/framework/src/Illuminate/Database/Connection.php(584): Illuminate/Database/Connection->run('delete from `ca...', Array, Object(Closure))
#10 E:/My real data/Biz/PixelCraftsLab/Projects/Study Buddy/website/StudyBuddy/vendor/laravel/framework/src/Illuminate/Database/Connection.php(548): Illuminate/Database/Connection->affectingStatement('delete from `ca...', Array)
#11 E:/My real data/Biz/PixelCraftsLab/Projects/Study Buddy/website/StudyBuddy/vendor/laravel/framework/src/Illuminate/Database/Query/Builder.php(4024): Illuminate/Database/Connection->delete('delete from `ca...', Array)
#12 E:/My real data/Biz/PixelCraftsLab/Projects/Study Buddy/website/StudyBuddy/vendor/laravel/framework/src/Illuminate/Cache/DatabaseStore.php(422): Illuminate/Database/Query/Builder->delete()
#13 E:/My real data/Biz/PixelCraftsLab/Projects/Study Buddy/website/StudyBuddy/vendor/laravel/framework/src/Illuminate/Cache/Repository.php(792): Illuminate/Cache/DatabaseStore->flush()
#14 E:/My real data/Biz/PixelCraftsLab/Projects/Study Buddy/website/StudyBuddy/vendor/laravel/framework/src/Illuminate/Cache/Console/ClearCommand.php(69): Illuminate/Cache/Repository->__call('flush', Array)
#15 E:/My real data/Biz/PixelCraftsLab/Projects/Study Buddy/website/StudyBuddy/vendor/laravel/framework/src/Illuminate/Container/BoundMethod.php(36): Illuminate/Cache/Console/ClearCommand->handle()
#16 E:/My real data/Biz/PixelCraftsLab/Projects/Study Buddy/website/StudyBuddy/vendor/laravel/framework/src/Illuminate/Container/Util.php(43): Illuminate/Container/BoundMethod::Illuminate/Container/{closure}()
#17 E:/My real data/Biz/PixelCraftsLab/Projects/Study Buddy/website/StudyBuddy/vendor/laravel/framework/src/Illuminate/Container/BoundMethod.php(95): Illuminate/Container/Util::unwrapIfClosure(Object(Closure))
#18 E:/My real data/Biz/PixelCraftsLab/Projects/Study Buddy/website/StudyBuddy/vendor/laravel/framework/src/Illuminate/Container/BoundMethod.php(35): Illuminate/Container/BoundMethod::callBoundMethod(Object(Illuminate/Foundation/Application), Array, Object(Closure))
#19 E:/My real data/Biz/PixelCraftsLab/Projects/Study Buddy/website/StudyBuddy/vendor/laravel/framework/src/Illuminate/Container/Container.php(696): Illuminate/Container/BoundMethod::call(Object(Illuminate/Foundation/Application), Array, Array, NULL)
#20 E:/My real data/Biz/PixelCraftsLab/Projects/Study Buddy/website/StudyBuddy/vendor/laravel/framework/src/Illuminate/Console/Command.php(213): Illuminate/Container/Container->call(Array)
#21 E:/My real data/Biz/PixelCraftsLab/Projects/Study Buddy/website/StudyBuddy/vendor/symfony/console/Command/Command.php(341): Illuminate/Console/Command->execute(Object(Symfony/Component/Console/Input/ArgvInput), Object(Illuminate/Console/OutputStyle))
#22 E:/My real data/Biz/PixelCraftsLab/Projects/Study Buddy/website/StudyBuddy/vendor/laravel/framework/src/Illuminate/Console/Command.php(182): Symfony/Component/Console/Command/Command->run(Object(Symfony/Component/Console/Input/ArgvInput), Object(Illuminate/Console/OutputStyle))
#23 E:/My real data/Biz/PixelCraftsLab/Projects/Study Buddy/website/StudyBuddy/vendor/symfony/console/Application.php(1117): Illuminate/Console/Command->run(Object(Symfony/Component/Console/Input/ArgvInput), Object(Symfony/Component/Console/Output/ConsoleOutput))
#24 E:/My real data/Biz/PixelCraftsLab/Projects/Study Buddy/website/StudyBuddy/vendor/symfony/console/Application.php(356): Symfony/Component/Console/Application->doRunCommand(Object(Illuminate/Cache/Console/ClearCommand), Object(Symfony/Component/Console/Input/ArgvInput), Object(Symfony/Component/Console/Output/ConsoleOutput))
#25 E:/My real data/Biz/PixelCraftsLab/Projects/Study Buddy/website/StudyBuddy/vendor/symfony/console/Application.php(195): Symfony/Component/Console/Application->doRun(Object(Symfony/Component/Console/Input/ArgvInput), Object(Symfony/Component/Console/Output/ConsoleOutput))
#26 E:/My real data/Biz/PixelCraftsLab/Projects/Study Buddy/website/StudyBuddy/vendor/laravel/framework/src/Illuminate/Foundation/Console/Kernel.php(198): Symfony/Component/Console/Application->run(Object(Symfony/Component/Console/Input/ArgvInput), Object(Symfony/Component/Console/Output/ConsoleOutput))
#27 E:/My real data/Biz/PixelCraftsLab/Projects/Study Buddy/website/StudyBuddy/vendor/laravel/framework/src/Illuminate/Foundation/Application.php(1235): Illuminate/Foundation/Console/Kernel->handle(Object(Symfony/Component/Console/Input/ArgvInput), Object(Symfony/Component/Console/Output/ConsoleOutput))
#28 E:/My real data/Biz/PixelCraftsLab/Projects/Study Buddy/website/StudyBuddy/artisan(14): Illuminate/Foundation/Application->handleCommand(Object(Symfony/Component/Console/Input/ArgvInput))
#29 {main}
"} 
[2026-06-04 08:57:58] local.ERROR: SQLSTATE[42S02]: Base table or view not found: 1146 Table 'studybuddy.sessions' doesn't exist (Connection: mysql, SQL: select * from `sessions` where `id` = 6MyiBib2XHhulpKpUSAy7XaXOEVmyntMChXCZOLz limit 1) {"exception":"[object] (Illuminate\\Database\\QueryException(code: 42S02): SQLSTATE[42S02]: Base table or view not found: 1146 Table 'studybuddy.sessions' doesn't exist (Connection: mysql, SQL: select * from `sessions` where `id` = 6MyiBib2XHhulpKpUSAy7XaXOEVmyntMChXCZOLz limit 1) at E:/My real data/Biz/PixelCraftsLab/Projects/Study Buddy/website/StudyBuddy/vendor/laravel/framework/src/Illuminate/Database/Connection.php:825)
[stacktrace]
#0 E:/My real data/Biz/PixelCraftsLab/Projects/Study Buddy/website/StudyBuddy/vendor/laravel/framework/src/Illuminate/Database/Connection.php(779): Illuminate/Database/Connection->runQueryCallback('select * from `...', Array, Object(Closure))
#1 E:/My real data/Biz/PixelCraftsLab/Projects/Study Buddy/website/StudyBuddy/vendor/laravel/framework/src/Illuminate/Database/Connection.php(398): Illuminate/Database/Connection->run('select * from `...', Array, Object(Closure))
#2 E:/My real data/Biz/PixelCraftsLab/Projects/Study Buddy/website/StudyBuddy/vendor/laravel/framework/src/Illuminate/Database/Query/Builder.php(3106): Illuminate/Database/Connection->select('select * from `...', Array, false)
#3 E:/My real data/Biz/PixelCraftsLab/Projects/Study Buddy/website/StudyBuddy/vendor/laravel/framework/src/Illuminate/Database/Query/Builder.php(3091): Illuminate/Database/Query/Builder->runSelect()
#4 E:/My real data/Biz/PixelCraftsLab/Projects/Study Buddy/website/StudyBuddy/vendor/laravel/framework/src/Illuminate/Database/Query/Builder.php(3676): Illuminate/Database/Query/Builder->Illuminate/Database/Query/{closure}()
#5 E:/My real data/Biz/PixelCraftsLab/Projects/Study Buddy/website/StudyBuddy/vendor/laravel/framework/src/Illuminate/Database/Query/Builder.php(3090): Illuminate/Database/Query/Builder->onceWithColumns(Array, Object(Closure))
#6 E:/My real data/Biz/PixelCraftsLab/Projects/Study Buddy/website/StudyBuddy/vendor/laravel/framework/src/Illuminate/Database/Concerns/BuildsQueries.php(343): Illuminate/Database/Query/Builder->get(Array)
#7 E:/My real data/Biz/PixelCraftsLab/Projects/Study Buddy/website/StudyBuddy/vendor/laravel/framework/src/Illuminate/Database/Query/Builder.php(3013): Illuminate/Database/Query/Builder->first(Array)
#8 E:/My real data/Biz/PixelCraftsLab/Projects/Study Buddy/website/StudyBuddy/vendor/laravel/framework/src/Illuminate/Session/DatabaseSessionHandler.php(97): Illuminate/Database/Query/Builder->find('6MyiBib2XHhulpK...')
#9 E:/My real data/Biz/PixelCraftsLab/Projects/Study Buddy/website/StudyBuddy/vendor/laravel/framework/src/Illuminate/Session/Store.php(117): Illuminate/Session/DatabaseSessionHandler->read('6MyiBib2XHhulpK...')
#10 E:/My real data/Biz/PixelCraftsLab/Projects/Study Buddy/website/StudyBuddy/vendor/laravel/framework/src/Illuminate/Session/Store.php(105): Illuminate/Session/Store->readFromHandler()
#11 E:/My real data/Biz/PixelCraftsLab/Projects/Study Buddy/website/StudyBuddy/vendor/laravel/framework/src/Illuminate/Session/Store.php(89): Illuminate/Session/Store->loadSession()
#12 E:/My real data/Biz/PixelCraftsLab/Projects/Study Buddy/website/StudyBuddy/vendor/laravel/framework/src/Illuminate/Session/Middleware/StartSession.php(147): Illuminate/Session/Store->start()
#13 E:/My real data/Biz/PixelCraftsLab/Projects/Study Buddy/website/StudyBuddy/vendor/laravel/framework/src/Illuminate/Support/helpers.php(399): Illuminate/Session/Middleware/StartSession->Illuminate/Session/Middleware/{closure}(Object(Illuminate/Session/Store))
#14 E:/My real data/Biz/PixelCraftsLab/Projects/Study Buddy/website/StudyBuddy/vendor/laravel/framework/src/Illuminate/Session/Middleware/StartSession.php(144): tap(Object(Illuminate/Session/Store), Object(Closure))
#15 E:/My real data/Biz/PixelCraftsLab/Projects/Study Buddy/website/StudyBuddy/vendor/laravel/framework/src/Illuminate/Session/Middleware/StartSession.php(116): Illuminate/Session/Middleware/StartSession->startSession(Object(Illuminate/Http/Request), Object(Illuminate/Session/Store))
#16 E:/My real data/Biz/PixelCraftsLab/Projects/Study Buddy/website/StudyBuddy/vendor/laravel/framework/src/Illuminate/Session/Middleware/StartSession.php(64): Illuminate/Session/Middleware/StartSession->handleStatefulRequest(Object(Illuminate/Http/Request), Object(Illuminate/Session/Store), Object(Closure))
#17 E:/My real data/Biz/PixelCraftsLab/Projects/Study Buddy/website/StudyBuddy/vendor/laravel/framework/src/Illuminate/Pipeline/Pipeline.php(209): Illuminate/Session/Middleware/StartSession->handle(Object(Illuminate/Http/Request), Object(Closure))
#18 E:/My real data/Biz/PixelCraftsLab/Projects/Study Buddy/website/StudyBuddy/vendor/laravel/framework/src/Illuminate/Cookie/Middleware/AddQueuedCookiesToResponse.php(37): Illuminate/Pipeline/Pipeline->Illuminate/Pipeline/{closure}(Object(Illuminate/Http/Request))
#19 E:/My real data/Biz/PixelCraftsLab/Projects/Study Buddy/website/StudyBuddy/vendor/laravel/framework/src/Illuminate/Pipeline/Pipeline.php(209): Illuminate/Cookie/Middleware/AddQueuedCookiesToResponse->handle(Object(Illuminate/Http/Request), Object(Closure))
#20 E:/My real data/Biz/PixelCraftsLab/Projects/Study Buddy/website/StudyBuddy/vendor/laravel/framework/src/Illuminate/Cookie/Middleware/EncryptCookies.php(75): Illuminate/Pipeline/Pipeline->Illuminate/Pipeline/{closure}(Object(Illuminate/Http/Request))
#21 E:/My real data/Biz/PixelCraftsLab/Projects/Study Buddy/website/StudyBuddy/vendor/laravel/framework/src/Illuminate/Pipeline/Pipeline.php(209): Illuminate/Cookie/Middleware/EncryptCookies->handle(Object(Illuminate/Http/Request), Object(Closure))
#22 E:/My real data/Biz/PixelCraftsLab/Projects/Study Buddy/website/StudyBuddy/vendor/laravel/framework/src/Illuminate/Pipeline/Pipeline.php(127): Illuminate/Pipeline/Pipeline->Illuminate/Pipeline/{closure}(Object(Illuminate/Http/Request))
#23 E:/My real data/Biz/PixelCraftsLab/Projects/Study Buddy/website/StudyBuddy/vendor/laravel/framework/src/Illuminate/Routing/Router.php(807): Illuminate/Pipeline/Pipeline->then(Object(Closure))
#24 E:/My real data/Biz/PixelCraftsLab/Projects/Study Buddy/website/StudyBuddy/vendor/laravel/framework/src/Illuminate/Routing/Router.php(786): Illuminate/Routing/Router->runRouteWithinStack(Object(Illuminate/Routing/Route), Object(Illuminate/Http/Request))
#25 E:/My real data/Biz/PixelCraftsLab/Projects/Study Buddy/website/StudyBuddy/vendor/laravel/framework/src/Illuminate/Routing/Router.php(750): Illuminate/Routing/Router->runRoute(Object(Illuminate/Http/Request), Object(Illuminate/Routing/Route))
#26 E:/My real data/Biz/PixelCraftsLab/Projects/Study Buddy/website/StudyBuddy/vendor/laravel/framework/src/Illuminate/Routing/Router.php(739): Illuminate/Routing/Router->dispatchToRoute(Object(Illuminate/Http/Request))
#27 E:/My real data/Biz/PixelCraftsLab/Projects/Study Buddy/website/StudyBuddy/vendor/laravel/framework/src/Illuminate/Foundation/Http/Kernel.php(201): Illuminate/Routing/Router->dispatch(Object(Illuminate/Http/Request))
#28 E:/My real data/Biz/PixelCraftsLab/Projects/Study Buddy/website/StudyBuddy/vendor/laravel/framework/src/Illuminate/Pipeline/Pipeline.php(170): Illuminate/Foundation/Http/Kernel->Illuminate/Foundation/Http/{closure}(Object(Illuminate/Http/Request))
#29 E:/My real data/Biz/PixelCraftsLab/Projects/Study Buddy/website/StudyBuddy/vendor/laravel/framework/src/Illuminate/Foundation/Http/Middleware/TransformsRequest.php(21): Illuminate/Pipeline/Pipeline->Illuminate/Pipeline/{closure}(Object(Illuminate/Http/Request))
#30 E:/My real data/Biz/PixelCraftsLab/Projects/Study Buddy/website/StudyBuddy/vendor/laravel/framework/src/Illuminate/Foundation/Http/Middleware/ConvertEmptyStringsToNull.php(31): Illuminate/Foundation/Http/Middleware/TransformsRequest->handle(Object(Illuminate/Http/Request), Object(Closure))
#31 E:/My real data/Biz/PixelCraftsLab/Projects/Study Buddy/website/StudyBuddy/vendor/laravel/framework/src/Illuminate/Pipeline/Pipeline.php(209): Illuminate/Foundation/Http/Middleware/ConvertEmptyStringsToNull->handle(Object(Illuminate/Http/Request), Object(Closure))
#32 E:/My real data/Biz/PixelCraftsLab/Projects/Study Buddy/website/StudyBuddy/vendor/laravel/framework/src/Illuminate/Foundation/Http/Middleware/TransformsRequest.php(21): Illuminate/Pipeline/Pipeline->Illuminate/Pipeline/{closure}(Object(Illuminate/Http/Request))
#33 E:/My real data/Biz/PixelCraftsLab/Projects/Study Buddy/website/StudyBuddy/vendor/laravel/framework/src/Illuminate/Foundation/Http/Middleware/TrimStrings.php(51): Illuminate/Foundation/Http/Middleware/TransformsRequest->handle(Object(Illuminate/Http/Request), Object(Closure))
#34 E:/My real data/Biz/PixelCraftsLab/Projects/Study Buddy/website/StudyBuddy/vendor/laravel/framework/src/Illuminate/Pipeline/Pipeline.php(209): Illuminate/Foundation/Http/Middleware/TrimStrings->handle(Object(Illuminate/Http/Request), Object(Closure))
#35 E:/My real data/Biz/PixelCraftsLab/Projects/Study Buddy/website/StudyBuddy/vendor/laravel/framework/src/Illuminate/Http/Middleware/ValidatePostSize.php(27): Illuminate/Pipeline/Pipeline->Illuminate/Pipeline/{closure}(Object(Illuminate/Http/Request))
#36 E:/My real data/Biz/PixelCraftsLab/Projects/Study Buddy/website/StudyBuddy/vendor/laravel/framework/src/Illuminate/Pipeline/Pipeline.php(209): Illuminate/Http/Middleware/ValidatePostSize->handle(Object(Illuminate/Http/Request), Object(Closure))
#37 E:/My real data/Biz/PixelCraftsLab/Projects/Study Buddy/website/StudyBuddy/vendor/laravel/framework/src/Illuminate/Foundation/Http/Middleware/PreventRequestsDuringMaintenance.php(110): Illuminate/Pipeline/Pipeline->Illuminate/Pipeline/{closure}(Object(Illuminate/Http/Request))
#38 E:/My real data/Biz/PixelCraftsLab/Projects/Study Buddy/website/StudyBuddy/vendor/laravel/framework/src/Illuminate/Pipeline/Pipeline.php(209): Illuminate/Foundation/Http/Middleware/PreventRequestsDuringMaintenance->handle(Object(Illuminate/Http/Request), Object(Closure))
#39 E:/My real data/Biz/PixelCraftsLab/Projects/Study Buddy/website/StudyBuddy/vendor/laravel/framework/src/Illuminate/Http/Middleware/HandleCors.php(49): Illuminate/Pipeline/Pipeline->Illuminate/Pipeline/{closure}(Object(Illuminate/Http/Request))
#40 E:/My real data/Biz/PixelCraftsLab/Projects/Study Buddy/website/StudyBuddy/vendor/laravel/framework/src/Illuminate/Pipeline/Pipeline.php(209): Illuminate/Http/Middleware/HandleCors->handle(Object(Illuminate/Http/Request), Object(Closure))
#41 E:/My real data/Biz/PixelCraftsLab/Projects/Study Buddy/website/StudyBuddy/vendor/laravel/framework/src/Illuminate/Http/Middleware/TrustProxies.php(58): Illuminate/Pipeline/Pipeline->Illuminate/Pipeline/{closure}(Object(Illuminate/Http/Request))
#42 E:/My real data/Biz/PixelCraftsLab/Projects/Study Buddy/website/StudyBuddy/vendor/laravel/framework/src/Illuminate/Pipeline/Pipeline.php(209): Illuminate/Http/Middleware/TrustProxies->handle(Object(Illuminate/Http/Request), Object(Closure))
#43 E:/My real data/Biz/PixelCraftsLab/Projects/Study Buddy/website/StudyBuddy/vendor/laravel/framework/src/Illuminate/Foundation/Http/Middleware/InvokeDeferredCallbacks.php(22): Illuminate/Pipeline/Pipeline->Illuminate/Pipeline/{closure}(Object(Illuminate/Http/Request))
#44 E:/My real data/Biz/PixelCraftsLab/Projects/Study Buddy/website/StudyBuddy/vendor/laravel/framework/src/Illuminate/Pipeline/Pipeline.php(209): Illuminate/Foundation/Http/Middleware/InvokeDeferredCallbacks->handle(Object(Illuminate/Http/Request), Object(Closure))
#45 E:/My real data/Biz/PixelCraftsLab/Projects/Study Buddy/website/StudyBuddy/vendor/laravel/framework/src/Illuminate/Pipeline/Pipeline.php(127): Illuminate/Pipeline/Pipeline->Illuminate/Pipeline/{closure}(Object(Illuminate/Http/Request))
#46 E:/My real data/Biz/PixelCraftsLab/Projects/Study Buddy/website/StudyBuddy/vendor/laravel/framework/src/Illuminate/Foundation/Http/Kernel.php(176): Illuminate/Pipeline/Pipeline->then(Object(Closure))
#47 E:/My real data/Biz/PixelCraftsLab/Projects/Study Buddy/website/StudyBuddy/vendor/laravel/framework/src/Illuminate/Foundation/Http/Kernel.php(145): Illuminate/Foundation/Http/Kernel->sendRequestThroughRouter(Object(Illuminate/Http/Request))
#48 E:/My real data/Biz/PixelCraftsLab/Projects/Study Buddy/website/StudyBuddy/vendor/laravel/framework/src/Illuminate/Foundation/Application.php(1220): Illuminate/Foundation/Http/Kernel->handle(Object(Illuminate/Http/Request))
#49 E:/My real data/Biz/PixelCraftsLab/Projects/Study Buddy/website/StudyBuddy/public/index.php(16): Illuminate/Foundation/Application->handleRequest(Object(Illuminate/Http/Request))
#50 E:/My real data/Biz/PixelCraftsLab/Projects/Study Buddy/website/StudyBuddy/vendor/laravel/framework/src/Illuminate/Foundation/resources/server.php(23): require_once('E://My real data...')
#51 {main}

[previous exception] [object] (PDOException(code: 42S02): SQLSTATE[42S02]: Base table or view not found: 1146 Table 'studybuddy.sessions' doesn't exist at E:/My real data/Biz/PixelCraftsLab/Projects/Study Buddy/website/StudyBuddy/vendor/laravel/framework/src/Illuminate/Database/Connection.php:407)
[stacktrace]
#0 E:/My real data/Biz/PixelCraftsLab/Projects/Study Buddy/website/StudyBuddy/vendor/laravel/framework/src/Illuminate/Database/Connection.php(407): PDO->prepare('select * from `...')
#1 E:/My real data/Biz/PixelCraftsLab/Projects/Study Buddy/website/StudyBuddy/vendor/laravel/framework/src/Illuminate/Database/Connection.php(812): Illuminate/Database/Connection->Illuminate/Database/{closure}('select * from `...', Array)
#2 E:/My real data/Biz/PixelCraftsLab/Projects/Study Buddy/website/StudyBuddy/vendor/laravel/framework/src/Illuminate/Database/Connection.php(779): Illuminate/Database/Connection->runQueryCallback('select * from `...', Array, Object(Closure))
#3 E:/My real data/Biz/PixelCraftsLab/Projects/Study Buddy/website/StudyBuddy/vendor/laravel/framework/src/Illuminate/Database/Connection.php(398): Illuminate/Database/Connection->run('select * from `...', Array, Object(Closure))
#4 E:/My real data/Biz/PixelCraftsLab/Projects/Study Buddy/website/StudyBuddy/vendor/laravel/framework/src/Illuminate/Database/Query/Builder.php(3106): Illuminate/Database/Connection->select('select * from `...', Array, false)
#5 E:/My real data/Biz/PixelCraftsLab/Projects/Study Buddy/website/StudyBuddy/vendor/laravel/framework/src/Illuminate/Database/Query/Builder.php(3091): Illuminate/Database/Query/Builder->runSelect()
#6 E:/My real data/Biz/PixelCraftsLab/Projects/Study Buddy/website/StudyBuddy/vendor/laravel/framework/src/Illuminate/Database/Query/Builder.php(3676): Illuminate/Database/Query/Builder->Illuminate/Database/Query/{closure}()
#7 E:/My real data/Biz/PixelCraftsLab/Projects/Study Buddy/website/StudyBuddy/vendor/laravel/framework/src/Illuminate/Database/Query/Builder.php(3090): Illuminate/Database/Query/Builder->onceWithColumns(Array, Object(Closure))
#8 E:/My real data/Biz/PixelCraftsLab/Projects/Study Buddy/website/StudyBuddy/vendor/laravel/framework/src/Illuminate/Database/Concerns/BuildsQueries.php(343): Illuminate/Database/Query/Builder->get(Array)
#9 E:/My real data/Biz/PixelCraftsLab/Projects/Study Buddy/website/StudyBuddy/vendor/laravel/framework/src/Illuminate/Database/Query/Builder.php(3013): Illuminate/Database/Query/Builder->first(Array)
#10 E:/My real data/Biz/PixelCraftsLab/Projects/Study Buddy/website/StudyBuddy/vendor/laravel/framework/src/Illuminate/Session/DatabaseSessionHandler.php(97): Illuminate/Database/Query/Builder->find('6MyiBib2XHhulpK...')
#11 E:/My real data/Biz/PixelCraftsLab/Projects/Study Buddy/website/StudyBuddy/vendor/laravel/framework/src/Illuminate/Session/Store.php(117): Illuminate/Session/DatabaseSessionHandler->read('6MyiBib2XHhulpK...')
#12 E:/My real data/Biz/PixelCraftsLab/Projects/Study Buddy/website/StudyBuddy/vendor/laravel/framework/src/Illuminate/Session/Store.php(105): Illuminate/Session/Store->readFromHandler()
#13 E:/My real data/Biz/PixelCraftsLab/Projects/Study Buddy/website/StudyBuddy/vendor/laravel/framework/src/Illuminate/Session/Store.php(89): Illuminate/Session/Store->loadSession()
#14 E:/My real data/Biz/PixelCraftsLab/Projects/Study Buddy/website/StudyBuddy/vendor/laravel/framework/src/Illuminate/Session/Middleware/StartSession.php(147): Illuminate/Session/Store->start()
#15 E:/My real data/Biz/PixelCraftsLab/Projects/Study Buddy/website/StudyBuddy/vendor/laravel/framework/src/Illuminate/Support/helpers.php(399): Illuminate/Session/Middleware/StartSession->Illuminate/Session/Middleware/{closure}(Object(Illuminate/Session/Store))
#16 E:/My real data/Biz/PixelCraftsLab/Projects/Study Buddy/website/StudyBuddy/vendor/laravel/framework/src/Illuminate/Session/Middleware/StartSession.php(144): tap(Object(Illuminate/Session/Store), Object(Closure))
#17 E:/My real data/Biz/PixelCraftsLab/Projects/Study Buddy/website/StudyBuddy/vendor/laravel/framework/src/Illuminate/Session/Middleware/StartSession.php(116): Illuminate/Session/Middleware/StartSession->startSession(Object(Illuminate/Http/Request), Object(Illuminate/Session/Store))
#18 E:/My real data/Biz/PixelCraftsLab/Projects/Study Buddy/website/StudyBuddy/vendor/laravel/framework/src/Illuminate/Session/Middleware/StartSession.php(64): Illuminate/Session/Middleware/StartSession->handleStatefulRequest(Object(Illuminate/Http/Request), Object(Illuminate/Session/Store), Object(Closure))
#19 E:/My real data/Biz/PixelCraftsLab/Projects/Study Buddy/website/StudyBuddy/vendor/laravel/framework/src/Illuminate/Pipeline/Pipeline.php(209): Illuminate/Session/Middleware/StartSession->handle(Object(Illuminate/Http/Request), Object(Closure))
#20 E:/My real data/Biz/PixelCraftsLab/Projects/Study Buddy/website/StudyBuddy/vendor/laravel/framework/src/Illuminate/Cookie/Middleware/AddQueuedCookiesToResponse.php(37): Illuminate/Pipeline/Pipeline->Illuminate/Pipeline/{closure}(Object(Illuminate/Http/Request))
#21 E:/My real data/Biz/PixelCraftsLab/Projects/Study Buddy/website/StudyBuddy/vendor/laravel/framework/src/Illuminate/Pipeline/Pipeline.php(209): Illuminate/Cookie/Middleware/AddQueuedCookiesToResponse->handle(Object(Illuminate/Http/Request), Object(Closure))
#22 E:/My real data/Biz/PixelCraftsLab/Projects/Study Buddy/website/StudyBuddy/vendor/laravel/framework/src/Illuminate/Cookie/Middleware/EncryptCookies.php(75): Illuminate/Pipeline/Pipeline->Illuminate/Pipeline/{closure}(Object(Illuminate/Http/Request))
#23 E:/My real data/Biz/PixelCraftsLab/Projects/Study Buddy/website/StudyBuddy/vendor/laravel/framework/src/Illuminate/Pipeline/Pipeline.php(209): Illuminate/Cookie/Middleware/EncryptCookies->handle(Object(Illuminate/Http/Request), Object(Closure))
#24 E:/My real data/Biz/PixelCraftsLab/Projects/Study Buddy/website/StudyBuddy/vendor/laravel/framework/src/Illuminate/Pipeline/Pipeline.php(127): Illuminate/Pipeline/Pipeline->Illuminate/Pipeline/{closure}(Object(Illuminate/Http/Request))
#25 E:/My real data/Biz/PixelCraftsLab/Projects/Study Buddy/website/StudyBuddy/vendor/laravel/framework/src/Illuminate/Routing/Router.php(807): Illuminate/Pipeline/Pipeline->then(Object(Closure))
#26 E:/My real data/Biz/PixelCraftsLab/Projects/Study Buddy/website/StudyBuddy/vendor/laravel/framework/src/Illuminate/Routing/Router.php(786): Illuminate/Routing/Router->runRouteWithinStack(Object(Illuminate/Routing/Route), Object(Illuminate/Http/Request))
#27 E:/My real data/Biz/PixelCraftsLab/Projects/Study Buddy/website/StudyBuddy/vendor/laravel/framework/src/Illuminate/Routing/Router.php(750): Illuminate/Routing/Router->runRoute(Object(Illuminate/Http/Request), Object(Illuminate/Routing/Route))
#28 E:/My real data/Biz/PixelCraftsLab/Projects/Study Buddy/website/StudyBuddy/vendor/laravel/framework/src/Illuminate/Routing/Router.php(739): Illuminate/Routing/Router->dispatchToRoute(Object(Illuminate/Http/Request))
#29 E:/My real data/Biz/PixelCraftsLab/Projects/Study Buddy/website/StudyBuddy/vendor/laravel/framework/src/Illuminate/Foundation/Http/Kernel.php(201): Illuminate/Routing/Router->dispatch(Object(Illuminate/Http/Request))
#30 E:/My real data/Biz/PixelCraftsLab/Projects/Study Buddy/website/StudyBuddy/vendor/laravel/framework/src/Illuminate/Pipeline/Pipeline.php(170): Illuminate/Foundation/Http/Kernel->Illuminate/Foundation/Http/{closure}(Object(Illuminate/Http/Request))
#31 E:/My real data/Biz/PixelCraftsLab/Projects/Study Buddy/website/StudyBuddy/vendor/laravel/framework/src/Illuminate/Foundation/Http/Middleware/TransformsRequest.php(21): Illuminate/Pipeline/Pipeline->Illuminate/Pipeline/{closure}(Object(Illuminate/Http/Request))
#32 E:/My real data/Biz/PixelCraftsLab/Projects/Study Buddy/website/StudyBuddy/vendor/laravel/framework/src/Illuminate/Foundation/Http/Middleware/ConvertEmptyStringsToNull.php(31): Illuminate/Foundation/Http/Middleware/TransformsRequest->handle(Object(Illuminate/Http/Request), Object(Closure))
#33 E:/My real data/Biz/PixelCraftsLab/Projects/Study Buddy/website/StudyBuddy/vendor/laravel/framework/src/Illuminate/Pipeline/Pipeline.php(209): Illuminate/Foundation/Http/Middleware/ConvertEmptyStringsToNull->handle(Object(Illuminate/Http/Request), Object(Closure))
#34 E:/My real data/Biz/PixelCraftsLab/Projects/Study Buddy/website/StudyBuddy/vendor/laravel/framework/src/Illuminate/Foundation/Http/Middleware/TransformsRequest.php(21): Illuminate/Pipeline/Pipeline->Illuminate/Pipeline/{closure}(Object(Illuminate/Http/Request))
#35 E:/My real data/Biz/PixelCraftsLab/Projects/Study Buddy/website/StudyBuddy/vendor/laravel/framework/src/Illuminate/Foundation/Http/Middleware/TrimStrings.php(51): Illuminate/Foundation/Http/Middleware/TransformsRequest->handle(Object(Illuminate/Http/Request), Object(Closure))
#36 E:/My real data/Biz/PixelCraftsLab/Projects/Study Buddy/website/StudyBuddy/vendor/laravel/framework/src/Illuminate/Pipeline/Pipeline.php(209): Illuminate/Foundation/Http/Middleware/TrimStrings->handle(Object(Illuminate/Http/Request), Object(Closure))
#37 E:/My real data/Biz/PixelCraftsLab/Projects/Study Buddy/website/StudyBuddy/vendor/laravel/framework/src/Illuminate/Http/Middleware/ValidatePostSize.php(27): Illuminate/Pipeline/Pipeline->Illuminate/Pipeline/{closure}(Object(Illuminate/Http/Request))
#38 E:/My real data/Biz/PixelCraftsLab/Projects/Study Buddy/website/StudyBuddy/vendor/laravel/framework/src/Illuminate/Pipeline/Pipeline.php(209): Illuminate/Http/Middleware/ValidatePostSize->handle(Object(Illuminate/Http/Request), Object(Closure))
#39 E:/My real data/Biz/PixelCraftsLab/Projects/Study Buddy/website/StudyBuddy/vendor/laravel/framework/src/Illuminate/Foundation/Http/Middleware/PreventRequestsDuringMaintenance.php(110): Illuminate/Pipeline/Pipeline->Illuminate/Pipeline/{closure}(Object(Illuminate/Http/Request))
#40 E:/My real data/Biz/PixelCraftsLab/Projects/Study Buddy/website/StudyBuddy/vendor/laravel/framework/src/Illuminate/Pipeline/Pipeline.php(209): Illuminate/Foundation/Http/Middleware/PreventRequestsDuringMaintenance->handle(Object(Illuminate/Http/Request), Object(Closure))
#41 E:/My real data/Biz/PixelCraftsLab/Projects/Study Buddy/website/StudyBuddy/vendor/laravel/framework/src/Illuminate/Http/Middleware/HandleCors.php(49): Illuminate/Pipeline/Pipeline->Illuminate/Pipeline/{closure}(Object(Illuminate/Http/Request))
#42 E:/My real data/Biz/PixelCraftsLab/Projects/Study Buddy/website/StudyBuddy/vendor/laravel/framework/src/Illuminate/Pipeline/Pipeline.php(209): Illuminate/Http/Middleware/HandleCors->handle(Object(Illuminate/Http/Request), Object(Closure))
#43 E:/My real data/Biz/PixelCraftsLab/Projects/Study Buddy/website/StudyBuddy/vendor/laravel/framework/src/Illuminate/Http/Middleware/TrustProxies.php(58): Illuminate/Pipeline/Pipeline->Illuminate/Pipeline/{closure}(Object(Illuminate/Http/Request))
#44 E:/My real data/Biz/PixelCraftsLab/Projects/Study Buddy/website/StudyBuddy/vendor/laravel/framework/src/Illuminate/Pipeline/Pipeline.php(209): Illuminate/Http/Middleware/TrustProxies->handle(Object(Illuminate/Http/Request), Object(Closure))
#45 E:/My real data/Biz/PixelCraftsLab/Projects/Study Buddy/website/StudyBuddy/vendor/laravel/framework/src/Illuminate/Foundation/Http/Middleware/InvokeDeferredCallbacks.php(22): Illuminate/Pipeline/Pipeline->Illuminate/Pipeline/{closure}(Object(Illuminate/Http/Request))
#46 E:/My real data/Biz/PixelCraftsLab/Projects/Study Buddy/website/StudyBuddy/vendor/laravel/framework/src/Illuminate/Pipeline/Pipeline.php(209): Illuminate/Foundation/Http/Middleware/InvokeDeferredCallbacks->handle(Object(Illuminate/Http/Request), Object(Closure))
#47 E:/My real data/Biz/PixelCraftsLab/Projects/Study Buddy/website/StudyBuddy/vendor/laravel/framework/src/Illuminate/Pipeline/Pipeline.php(127): Illuminate/Pipeline/Pipeline->Illuminate/Pipeline/{closure}(Object(Illuminate/Http/Request))
#48 E:/My real data/Biz/PixelCraftsLab/Projects/Study Buddy/website/StudyBuddy/vendor/laravel/framework/src/Illuminate/Foundation/Http/Kernel.php(176): Illuminate/Pipeline/Pipeline->then(Object(Closure))
#49 E:/My real data/Biz/PixelCraftsLab/Projects/Study Buddy/website/StudyBuddy/vendor/laravel/framework/src/Illuminate/Foundation/Http/Kernel.php(145): Illuminate/Foundation/Http/Kernel->sendRequestThroughRouter(Object(Illuminate/Http/Request))
#50 E:/My real data/Biz/PixelCraftsLab/Projects/Study Buddy/website/StudyBuddy/vendor/laravel/framework/src/Illuminate/Foundation/Application.php(1220): Illuminate/Foundation/Http/Kernel->handle(Object(Illuminate/Http/Request))
#51 E:/My real data/Biz/PixelCraftsLab/Projects/Study Buddy/website/StudyBuddy/public/index.php(16): Illuminate/Foundation/Application->handleRequest(Object(Illuminate/Http/Request))
#52 E:/My real data/Biz/PixelCraftsLab/Projects/Study Buddy/website/StudyBuddy/vendor/laravel/framework/src/Illuminate/Foundation/resources/server.php(23): require_once('E://My real data...')
#53 {main}
"} 
